// Jest Snapshot v1, https://goo.gl/fbAQLP

exports[`renders proper HTML 1`] = `

<select class="ais-sort-by-selector">
  <option value="index1">
    label1
  </option>
  <option value="index2">
    label2
  </option>
</select>

`;
